================================================================================
NANO BANANA OPERATION TEST REPORT
Generated: 2025-10-31 23:28:08
================================================================================

VALIDATION INSTRUCTIONS:
1. Open each output image in test_outputs/
2. Compare with original in test_images/
3. Did the operation work as expected?
4. Enter PASS or FAIL in the [STATUS] field below
5. Save this file when done
6. Run: python update_frontend_operations.py test_report.txt

Test Images: test_images_edit_pipeline/
Output Images: test_outputs_edit_pipeline/

================================================================================
TEST RESULTS - FILL IN STATUS FOR EACH
================================================================================

[01] Multi-Angle Generation
      Input: test_images_edit_pipeline\op01_product_tool.jpg
      Output: test_outputs_edit_pipeline\op01_output.jpg
      STATUS: [PASS]  ← Enter PASS or FAIL here

[02] Lifestyle / Contextual Placement
      Input: test_images_edit_pipeline\op02_furniture_chair.jpg
      Output: test_outputs_edit_pipeline\op02_output.jpg
      STATUS: [PASS]  ← Enter PASS or FAIL here

[03] Close-up / Macro Detail View
      Input: test_images_edit_pipeline\op03_product_tool.jpg
      Output: test_outputs_edit_pipeline\op03_output.jpg
      STATUS: [PASS]  ← Enter PASS or FAIL here

[04] 360° / Rotational View Generation
      Input: test_images_edit_pipeline\op04_electronics_laptop.jpg
      Output: test_outputs_edit_pipeline\op04_output.jpg
      STATUS: [FAIL]  ← Enter PASS or FAIL here

[05] Fitment / Exploded View Simulation
      Input: test_images_edit_pipeline\op05_product_tool.jpg
      Output: test_outputs_edit_pipeline\op05_output.jpg
      STATUS: [PASS]  ← Enter PASS or FAIL here

[06] Virtual Mannequin / Model Fitting
      Input: test_images_edit_pipeline\op06_apparel_tshirt.jpg
      Output: test_outputs_edit_pipeline\op06_output.jpg
      STATUS: [PASS]  ← Enter PASS or FAIL here

[07] Dimension & Scale Visualization
      Input: test_images_edit_pipeline\op07_furniture_chair.jpg
      Output: test_outputs_edit_pipeline\op07_output.jpg
      STATUS: [PASS]  ← Enter PASS or FAIL here

[08] Material & Finish Simulation
      Input: test_images_edit_pipeline\op08_product_tool.jpg
      Output: test_outputs_edit_pipeline\op08_output.jpg
      STATUS: [PASS]  ← Enter PASS or FAIL here

[09] Fabric / Color Simulation
      Input: test_images_edit_pipeline\op09_apparel_tshirt.jpg
      Output: test_outputs_edit_pipeline\op09_output.jpg
      STATUS: [PASS]  ← Enter PASS or FAIL here

[10] Port / Interface Highlighting
      Input: test_images_edit_pipeline\op10_electronics_laptop.jpg
      Output: test_outputs_edit_pipeline\op10_output.jpg
      STATUS: [FAIL]  ← Enter PASS or FAIL here

[11] Component Detailing & Connection Close-up
      Input: test_images_edit_pipeline\op11_product_tool.jpg
      Output: test_outputs_edit_pipeline\op11_output.jpg
      STATUS: [FAIL]  ← Enter PASS or FAIL here

[12] Product Variant Simulation
      Input: test_images_edit_pipeline\op12_product_tool.jpg
      Output: test_outputs_edit_pipeline\op12_output.jpg
      STATUS: [PASS]  ← Enter PASS or FAIL here

[13] In-Room / Contextual Render
      Input: test_images_edit_pipeline\op13_furniture_chair.jpg
      Output: test_outputs_edit_pipeline\op13_output.jpg
      STATUS: [PASS]  ← Enter PASS or FAIL here

[14] Packaging Visualization
      Input: test_images_edit_pipeline\op14_product_tool.jpg
      Output: test_outputs_edit_pipeline\op14_output.jpg
      STATUS: [PASS]  ← Enter PASS or FAIL here

[15] Texture Enhancement
      Input: test_images_edit_pipeline\op15_product_tool.jpg
      Output: test_outputs_edit_pipeline\op15_output.jpg
      STATUS: [        ]  ← Enter PASS or FAIL here

[16] Ingredient / Feature Highlight Visualization
      Input: test_images_edit_pipeline\op16_beauty_bottle.jpg
      Output: test_outputs_edit_pipeline\op16_output.jpg
      STATUS: [        ]  ← Enter PASS or FAIL here

[17] Lighting & Exposure Correction
      ❌ Test Error: Test image not found: op17_product_snowblower.jpg
      STATUS: [PASS]  ← Test failed to run

[18] White Balance Adjustment
      Input: test_images_edit_pipeline\op18_product_tool.jpg
      Output: test_outputs_edit_pipeline\op18_output.jpg
      STATUS: [FAIL]  ← Enter PASS or FAIL here

[19] Color Correction (Hue/Saturation/Vibrance)
      ❌ Test Error: Test image not found: op19_product_snowblower.jpg
      STATUS: [  PASS  ]  ← Test failed to run

[21] Shadow & Reflection Generation
      Input: test_images_edit_pipeline\op21_product_tool.jpg
      Output: test_outputs_edit_pipeline\op21_output.jpg
      STATUS: [PASS]  ← Enter PASS or FAIL here

[22] Background Replacement
      Input: test_images_edit_pipeline\op22_furniture_chair.jpg
      Output: test_outputs_edit_pipeline\op22_output.jpg
      STATUS: [PASS]  ← Enter PASS or FAIL here

[23] Depth & Shadow Mapping
      Input: test_images_edit_pipeline\op23_product_tool.jpg
      Output: test_outputs_edit_pipeline\op23_output.jpg
      STATUS: [PASS]  ← Enter PASS or FAIL here

[24] Environmental Lighting Simulation
      Input: test_images_edit_pipeline\op24_product_tool.jpg
      Output: test_outputs_edit_pipeline\op24_output.jpg
      STATUS: [PASS]  ← Enter PASS or FAIL here

[25] HDR Simulation
      Input: test_images_edit_pipeline\op25_electronics_laptop.jpg
      Output: test_outputs_edit_pipeline\op25_output.jpg
      STATUS: [FAIL]  ← Enter PASS or FAIL here

[26] Noise Reduction / Image Clean-up
      Input: test_images_edit_pipeline\op26_product_tool.jpg
      Output: test_outputs_edit_pipeline\op26_output.jpg
      STATUS: [PASS]  ← Enter PASS or FAIL here

[27] Image Upscaling / Super Resolution
      Input: test_images_edit_pipeline\op27_product_tool.jpg
      Output: test_outputs_edit_pipeline\op27_output.jpg
      STATUS: [PASS]  ← Enter PASS or FAIL here

[28] Perspective Correction
      Input: test_images_edit_pipeline\op28_furniture_chair.jpg
      Output: test_outputs_edit_pipeline\op28_output.jpg
      STATUS: [PASS]  ← Enter PASS or FAIL here

[29] Reflection / Refraction Simulation
      Input: test_images_edit_pipeline\op29_electronics_laptop.jpg
      Output: test_outputs_edit_pipeline\op29_output.jpg
      STATUS: [PASS]  ← Enter PASS or FAIL here

[30] Texture Mapping for 3D / AR
      Input: test_images_edit_pipeline\op30_product_tool.jpg
      Output: test_outputs_edit_pipeline\op30_output.jpg
      STATUS: [FAIL]  ← Enter PASS or FAIL here

[31] Annotation & Feature Overlay
      Input: test_images_edit_pipeline\op31_electronics_laptop.jpg
      Output: test_outputs_edit_pipeline\op31_output.jpg
      STATUS: [PASS]  ← Enter PASS or FAIL here

[32] Infographic / Data Overlay
      Input: test_images_edit_pipeline\op32_product_tool.jpg
      Output: test_outputs_edit_pipeline\op32_output.jpg
      STATUS: [PASS]  ← Enter PASS or FAIL here

[33] Multi-Product Composite Layout
      Input: test_images_edit_pipeline\op33_product_tool.jpg
      Output: test_outputs_edit_pipeline\op33_output.jpg
      STATUS: [PASS]  ← Enter PASS or FAIL here

[34] Virtual Staging / Scene Generation
      Input: test_images_edit_pipeline\op34_product_tool.jpg
      Output: test_outputs_edit_pipeline\op34_output.jpg
      STATUS: [PASS]  ← Enter PASS or FAIL here

[35] Product Wear / Usage Simulation
      Input: test_images_edit_pipeline\op35_product_tool.jpg
      Output: test_outputs_edit_pipeline\op35_output.jpg
      STATUS: [FAIL]  ← Enter PASS or FAIL here

[36] Seasonal / Thematic Contexts
      Input: test_images_edit_pipeline\op36_furniture_chair.jpg
      Output: test_outputs_edit_pipeline\op36_output.jpg
      STATUS: [PASS]  ← Enter PASS or FAIL here

[37] AI-Generated Artistic Variants
      Input: test_images_edit_pipeline\op37_product_tool.jpg
      Output: test_outputs_edit_pipeline\op37_output.jpg
      STATUS: [PASS]  ← Enter PASS or FAIL here

[38] Watermark / Branding Overlay
      ❌ Test Error: Edit execution failed
      STATUS: [  FAIL  ]  ← Test failed to run

================================================================================
SUMMARY (Auto-calculated when you run update script)
================================================================================
